[    0.000000] Initializing cgroup subsys cpuset
[    0.000000] Initializing cgroup subsys cpu
[    0.000000] Initializing cgroup subsys cpuacct
[    0.000000] Linux version 4.4.0-130-generic (buildd@lgw01-amd64-039) (gcc version 5.4.0 20160609 (Ubuntu 5.4.0-6ubuntu1~16.04.9) ) #156-Ubuntu SMP Thu Jun 14 08:53:28 UTC 2018 (Ubuntu 4.4.0-130.156-generic 4.4.134)
[    0.000000] Command line: BOOT_IMAGE=/boot/vmlinuz-4.4.0-130-generic root=LABEL=cloudimg-rootfs ro console=tty1 console=ttyS0
[    0.000000] KERNEL supported cpus:
[    0.000000]   Intel GenuineIntel
[    0.000000]   AMD AuthenticAMD
[    0.000000]   Centaur CentaurHauls
[    0.000000] x86/fpu: xstate_offset[2]:  576, xstate_sizes[2]:  256
[    0.000000] x86/fpu: Supporting XSAVE feature 0x01: 'x87 floating point registers'
[    0.000000] x86/fpu: Supporting XSAVE feature 0x02: 'SSE registers'
[    0.000000] x86/fpu: Supporting XSAVE feature 0x04: 'AVX registers'
[    0.000000] x86/fpu: Enabled xstate features 0x7, context size is 832 bytes, using 'standard' format.
[    0.000000] x86/fpu: Using 'eager' FPU context switches.
[    0.000000] e820: BIOS-provided physical RAM map:
[    0.000000] BIOS-e820: [mem 0x0000000000000000-0x000000000009fbff] usable
[    0.000000] BIOS-e820: [mem 0x000000000009fc00-0x000000000009ffff] reserved
[    0.000000] BIOS-e820: [mem 0x00000000000f0000-0x00000000000fffff] reserved
[    0.000000] BIOS-e820: [mem 0x0000000000100000-0x000000003ffeffff] usable
[    0.000000] BIOS-e820: [mem 0x000000003fff0000-0x000000003fffffff] ACPI data
[    0.000000] BIOS-e820: [mem 0x00000000fec00000-0x00000000fec00fff] reserved
[    0.000000] BIOS-e820: [mem 0x00000000fee00000-0x00000000fee00fff] reserved
[    0.000000] BIOS-e820: [mem 0x00000000fffc0000-0x00000000ffffffff] reserved
[    0.000000] NX (Execute Disable) protection: active
[    0.000000] SMBIOS 2.5 present.
[    0.000000] Hypervisor detected: KVM
[    0.000000] e820: last_pfn = 0x3fff0 max_arch_pfn = 0x400000000
[    0.000000] MTRR: Disabled
[    0.000000] x86/PAT: MTRRs disabled, skipping PAT initialization too.
[    0.000000] CPU MTRRs all blank - virtualized system.
[    0.000000] x86/PAT: Configuration [0-7]: WB  WT  UC- UC  WB  WT  UC- UC  
[    0.000000] found SMP MP-table at [mem 0x0009fff0-0x0009ffff] mapped at [ffff88000009fff0]
[    0.000000] Scanning 1 areas for low memory corruption
[    0.000000] RAMDISK: [mem 0x36aa4000-0x37549fff]
[    0.000000] ACPI: Early table checksum verification disabled
[    0.000000] ACPI: RSDP 0x00000000000E0000 000024 (v02 VBOX  )
[    0.000000] ACPI: XSDT 0x000000003FFF0030 00003C (v01 VBOX   VBOXXSDT 00000001 ASL  00000061)
[    0.000000] ACPI: FACP 0x000000003FFF00F0 0000F4 (v04 VBOX   VBOXFACP 00000001 ASL  00000061)
[    0.000000] ACPI: DSDT 0x000000003FFF0470 00210F (v01 VBOX   VBOXBIOS 00000002 INTL 20100528)
[    0.000000] ACPI: FACS 0x000000003FFF0200 000040
[    0.000000] ACPI: FACS 0x000000003FFF0200 000040
[    0.000000] ACPI: APIC 0x000000003FFF0240 00005C (v02 VBOX   VBOXAPIC 00000001 ASL  00000061)
[    0.000000] ACPI: SSDT 0x000000003FFF02A0 0001CC (v01 VBOX   VBOXCPUT 00000002 INTL 20100528)
[    0.000000] No NUMA configuration found
[    0.000000] Faking a node at [mem 0x0000000000000000-0x000000003ffeffff]
[    0.000000] NODE_DATA(0) allocated [mem 0x3ffeb000-0x3ffeffff]
[    0.000000] kvm-clock: Using msrs 4b564d01 and 4b564d00
[    0.000000] kvm-clock: cpu 0, msr 0:3ffe3001, primary cpu clock
[    0.000000] kvm-clock: using sched offset of 2897918549 cycles
[    0.000000] clocksource: kvm-clock: mask: 0xffffffffffffffff max_cycles: 0x1cd42e4dffb, max_idle_ns: 881590591483 ns
[    0.000000] Zone ranges:
[    0.000000]   DMA      [mem 0x0000000000001000-0x0000000000ffffff]
[    0.000000]   DMA32    [mem 0x0000000001000000-0x000000003ffeffff]
[    0.000000]   Normal   empty
[    0.000000]   Device   empty
[    0.000000] Movable zone start for each node
[    0.000000] Early memory node ranges
[    0.000000]   node   0: [mem 0x0000000000001000-0x000000000009efff]
[    0.000000]   node   0: [mem 0x0000000000100000-0x000000003ffeffff]
[    0.000000] Initmem setup node 0 [mem 0x0000000000001000-0x000000003ffeffff]
[    0.000000] ACPI: PM-Timer IO Port: 0x4008
[    0.000000] IOAPIC[0]: apic_id 2, version 32, address 0xfec00000, GSI 0-23
[    0.000000] ACPI: INT_SRC_OVR (bus 0 bus_irq 0 global_irq 2 dfl dfl)
[    0.000000] ACPI: INT_SRC_OVR (bus 0 bus_irq 9 global_irq 9 high level)
[    0.000000] Using ACPI (MADT) for SMP configuration information
[    0.000000] smpboot: Allowing 2 CPUs, 0 hotplug CPUs
[    0.000000] PM: Registered nosave memory: [mem 0x00000000-0x00000fff]
[    0.000000] PM: Registered nosave memory: [mem 0x0009f000-0x0009ffff]
[    0.000000] PM: Registered nosave memory: [mem 0x000a0000-0x000effff]
[    0.000000] PM: Registered nosave memory: [mem 0x000f0000-0x000fffff]
[    0.000000] e820: [mem 0x40000000-0xfebfffff] available for PCI devices
[    0.000000] Booting paravirtualized kernel on KVM
[    0.000000] clocksource: refined-jiffies: mask: 0xffffffff max_cycles: 0xffffffff, max_idle_ns: 7645519600211568 ns
[    0.000000] setup_percpu: NR_CPUS:512 nr_cpumask_bits:512 nr_cpu_ids:2 nr_node_ids:1
[    0.000000] PERCPU: Embedded 34 pages/cpu @ffff88003fc00000 s99544 r8192 d31528 u1048576
[    0.000000] PV qspinlock hash table entries: 256 (order: 0, 4096 bytes)
[    0.000000] Built 1 zonelists in Node order, mobility grouping on.  Total pages: 257912
[    0.000000] Policy zone: DMA32
[    0.000000] Kernel command line: BOOT_IMAGE=/boot/vmlinuz-4.4.0-130-generic root=LABEL=cloudimg-rootfs ro console=tty1 console=ttyS0
[    0.000000] PID hash table entries: 4096 (order: 3, 32768 bytes)
[    0.000000] Memory: 1001612K/1048120K available (8546K kernel code, 1313K rwdata, 4000K rodata, 1516K init, 1316K bss, 46508K reserved, 0K cma-reserved)
[    0.000000] SLUB: HWalign=64, Order=0-3, MinObjects=0, CPUs=2, Nodes=1
[    0.000000] Kernel/User page tables isolation: enabled
[    0.000000] Hierarchical RCU implementation.
[    0.000000] 	Build-time adjustment of leaf fanout to 64.
[    0.000000] 	RCU restricting CPUs from NR_CPUS=512 to nr_cpu_ids=2.
[    0.000000] RCU: Adjusting geometry for rcu_fanout_leaf=64, nr_cpu_ids=2
[    0.000000] NR_IRQS:33024 nr_irqs:440 16
[    0.000000] Console: colour VGA+ 80x25
[    0.000000] console [tty1] enabled
[    0.000000] console [ttyS0] enabled
[    0.000000] tsc: Detected 3292.378 MHz processor
[    9.033187] Calibrating delay loop (skipped) preset value.. 6584.75 BogoMIPS (lpj=13169512)
[    9.034459] pid_max: default: 32768 minimum: 301
[    9.035138] ACPI: Core revision 20150930
[    9.079417] ACPI: 2 ACPI AML tables successfully acquired and loaded
[    9.117762] Security Framework initialized
[    9.160973] Yama: becoming mindful.
[    9.161898] AppArmor: AppArmor initialized
[    9.231828] Dentry cache hash table entries: 131072 (order: 8, 1048576 bytes)
[    9.387823] Inode-cache hash table entries: 65536 (order: 7, 524288 bytes)
[    9.570543] Mount-cache hash table entries: 2048 (order: 2, 16384 bytes)
[    9.706207] Mountpoint-cache hash table entries: 2048 (order: 2, 16384 bytes)
[    9.875181] Initializing cgroup subsys io
[    9.972836] Initializing cgroup subsys memory
[   10.062226] Initializing cgroup subsys devices
[   10.150611] Initializing cgroup subsys freezer
[   10.201550] Initializing cgroup subsys net_cls
[   10.221709] Initializing cgroup subsys perf_event
[   10.222402] Initializing cgroup subsys net_prio
[   10.223074] Initializing cgroup subsys hugetlb
[   10.223736] Initializing cgroup subsys pids
[   10.224427] CPU: Physical Processor ID: 0
[   10.225045] CPU: Processor Core ID: 0
[   10.226435] mce: CPU supports 0 MCE banks
[   10.228961] Last level iTLB entries: 4KB 64, 2MB 8, 4MB 8
[   10.229722] Last level dTLB entries: 4KB 64, 2MB 0, 4MB 0, 1GB 4
[   10.285925] Spectre V2 : Mitigation: Full generic retpoline
[   10.386273] Spectre V2 : Speculation control IBPB not-supported IBRS not-supported
[   10.550782] Speculative Store Bypass: Vulnerable
[   10.639121] Freeing SMP alternatives memory: 32K
[   10.749301] ftrace: allocating 32245 entries in 126 pages
[   10.893372] smpboot: APIC(0) Converting physical 0 to logical package 0
[   11.056229] smpboot: Max logical packages: 1
[   11.160790] x2apic enabled
[   11.236139] Switched APIC routing to physical x2apic.
[   11.301418] ..TIMER: vector=0x30 apic1=0 pin1=2 apic2=-1 pin2=-1
[   11.560443] smpboot: CPU0: Intel(R) Core(TM) i7-5775R CPU @ 3.30GHz (family: 0x6, model: 0x47, stepping: 0x1)
[   11.787290] Performance Events: unsupported p6 CPU model 71 no PMU driver, software events only.
[   11.999351] KVM setup paravirtual spinlock
[   12.102057] x86: Booting SMP configuration:
[   12.206474] .... node  #0, CPUs:      #1
[   12.296212] kvm-clock: cpu 1, msr 0:3ffe3041, secondary cpu clock
[   12.356680] mce: CPU supports 0 MCE banks
[   12.371147] x86: Booted up 1 node, 2 CPUs
[   12.411849] smpboot: Total of 2 processors activated (13169.51 BogoMIPS)
[   12.568393] devtmpfs: initialized
[   12.613173] evm: security.selinux
[   12.635882] evm: security.SMACK64
[   12.637790] evm: security.SMACK64EXEC
[   12.638363] evm: security.SMACK64TRANSMUTE
[   12.683515] evm: security.SMACK64MMAP
[   12.696439] evm: security.ima
[   12.719832] evm: security.capability
[   12.765243] clocksource: jiffies: mask: 0xffffffff max_cycles: 0xffffffff, max_idle_ns: 7645041785100000 ns
[   12.900390] futex hash table entries: 512 (order: 3, 32768 bytes)
[   12.923116] pinctrl core: initialized pinctrl subsystem
[   13.050961] RTC time: 16:34:39, date: 08/28/18
[   13.158848] NET: Registered protocol family 16
[   13.297122] cpuidle: using governor ladder
[   13.409278] cpuidle: using governor menu
[   13.445537] PCCT header not found.
[   13.465516] ACPI: bus type PCI registered
[   13.539923] acpiphp: ACPI Hot Plug PCI Controller Driver version: 0.5
[   13.692128] PCI: Using configuration type 1 for base access
[   13.805493] ACPI: Added _OSI(Module Device)
[   13.861052] ACPI: Added _OSI(Processor Device)
[   13.957093] ACPI: Added _OSI(3.0 _SCP Extensions)
[   14.041489] ACPI: Added _OSI(Processor Aggregator Device)
[   14.148250] ACPI: Executed 1 blocks of module-level executable AML code
[   14.252050] ACPI: Interpreter enabled
[   14.318575] ACPI: (supports S0 S5)
[   14.387903] ACPI: Using IOAPIC for interrupt routing
[   14.497271] PCI: Using host bridge windows from ACPI; if necessary, use "pci=nocrs" and report a bug
[   14.567528] ACPI: PCI Root Bridge [PCI0] (domain 0000 [bus 00-ff])
[   14.620008] acpi PNP0A03:00: _OSC: OS supports [ASPM ClockPM Segments MSI]
[   14.637233] acpi PNP0A03:00: _OSC failed (AE_NOT_FOUND); disabling ASPM
[   14.638123] acpi PNP0A03:00: fail to add MMCONFIG information, can't access extended PCI configuration space under this bridge.
[   14.639886] PCI host bridge to bus 0000:00
[   14.642753] pci_bus 0000:00: root bus resource [io  0x0000-0x0cf7 window]
[   14.643674] pci_bus 0000:00: root bus resource [io  0x0d00-0xffff window]
[   14.644587] pci_bus 0000:00: root bus resource [mem 0x000a0000-0x000bffff window]
[   14.812218] pci_bus 0000:00: root bus resource [mem 0x40000000-0xffdfffff window]
[   14.901603] pci_bus 0000:00: root bus resource [bus 00-ff]
[   14.903695] pci 0000:00:01.1: legacy IDE quirk: reg 0x10: [io  0x01f0-0x01f7]
[   14.919270] pci 0000:00:01.1: legacy IDE quirk: reg 0x14: [io  0x03f6]
[   14.920157] pci 0000:00:01.1: legacy IDE quirk: reg 0x18: [io  0x0170-0x0177]
[   14.921111] pci 0000:00:01.1: legacy IDE quirk: reg 0x1c: [io  0x0376]
[   14.939857] pci 0000:00:07.0: quirk: [io  0x4000-0x403f] claimed by PIIX4 ACPI
[   15.095882] pci 0000:00:07.0: quirk: [io  0x4100-0x410f] claimed by PIIX4 SMB
[   15.242102] ACPI: PCI Interrupt Link [LNKA] (IRQs 5 9 10 *11)
[   15.285918] ACPI: PCI Interrupt Link [LNKB] (IRQs 5 9 10 *11)
[   15.287076] ACPI: PCI Interrupt Link [LNKC] (IRQs 5 9 *10 11)
[   15.288249] ACPI: PCI Interrupt Link [LNKD] (IRQs 5 *9 10 11)
[   15.289656] ACPI: Enabled 2 GPEs in block 00 to 07
[   15.320143] vgaarb: setting as boot device: PCI:0000:00:02.0
[   15.322204] vgaarb: device added: PCI:0000:00:02.0,decodes=io+mem,owns=io+mem,locks=none
[   15.522444] vgaarb: loaded
[   15.583803] vgaarb: bridge control possible 0000:00:02.0
[   15.625492] SCSI subsystem initialized
[   15.717163] ACPI: bus type USB registered
[   15.798252] usbcore: registered new interface driver usbfs
[   15.914634] usbcore: registered new interface driver hub
[   16.034686] usbcore: registered new device driver usb
[   16.176564] PCI: Using ACPI for IRQ routing
[   16.277716] NetLabel: Initializing
[   16.370519] NetLabel:  domain hash size = 128
[   16.473596] NetLabel:  protocols = UNLABELED CIPSOv4
[   16.611902] NetLabel:  unlabeled traffic allowed by default
[   16.681059] amd_nb: Cannot enumerate AMD northbridges
[   16.751699] clocksource: Switched to clocksource kvm-clock
[   16.881937] AppArmor: AppArmor Filesystem Enabled
[   17.006632] pnp: PnP ACPI init
[   17.093972] pnp: PnP ACPI: found 3 devices
[   17.200577] clocksource: acpi_pm: mask: 0xffffff max_cycles: 0xffffff, max_idle_ns: 2085701024 ns
[   17.413174] NET: Registered protocol family 2
[   17.520026] TCP established hash table entries: 8192 (order: 4, 65536 bytes)
[   17.703392] TCP bind hash table entries: 8192 (order: 5, 131072 bytes)
[   17.850319] TCP: Hash tables configured (established 8192 bind 8192)
[   18.006229] UDP hash table entries: 512 (order: 2, 16384 bytes)
[   18.163096] UDP-Lite hash table entries: 512 (order: 2, 16384 bytes)
[   18.314894] NET: Registered protocol family 1
[   18.438965] pci 0000:00:00.0: Limiting direct PCI/PCI transfers
[   18.549745] pci 0000:00:01.0: Activating ISA DMA hang workarounds
[   18.684515] Unpacking initramfs...
[   20.321260] Freeing initrd memory: 10904K
[   20.333182] platform rtc_cmos: registered platform RTC device (no PNP device found)
[   20.341242] Scanning for low memory corruption every 60 seconds
[   20.497141] audit: initializing netlink subsys (disabled)
[   20.529856] audit: type=2000 audit(1535474075.825:1): initialized
[   20.666844] Initialise system trusted keyring
[   20.729835] HugeTLB registered 2 MB page size, pre-allocated 0 pages
[   20.738855] zbud: loaded
[   20.739925] VFS: Disk quotas dquot_6.6.0
[   20.740652] VFS: Dquot-cache hash table entries: 512 (order 0, 4096 bytes)
[   20.811236] squashfs: version 4.0 (2009/01/31) Phillip Lougher
[   20.946938] fuse init (API version 7.23)
[   21.037162] Key type big_key registered
[   21.077927] Allocating IMA MOK and blacklist keyrings.
[   21.214675] Key type asymmetric registered
[   21.290209] Asymmetric key parser 'x509' registered
[   21.403189] tsc: Refined TSC clocksource calibration: 3292.099 MHz
[   21.408045] Block layer SCSI generic (bsg) driver version 0.4 loaded (major 249)
[   21.408116] io scheduler noop registered
[   21.408117] io scheduler deadline registered (default)
[   21.408166] io scheduler cfq registered
[   21.408329] pci_hotplug: PCI Hot Plug PCI Core version: 0.5
[   21.408333] pciehp: PCI Express Hot Plug Controller Driver version: 0.4
[   21.408643] ACPI: AC Adapter [AC] (on-line)
[   21.408708] input: Power Button as /devices/LNXSYSTM:00/LNXPWRBN:00/input/input0
[   21.408713] ACPI: Power Button [PWRF]
[   21.408778] input: Sleep Button as /devices/LNXSYSTM:00/LNXSLPBN:00/input/input1
[   21.408780] ACPI: Sleep Button [SLPF]
[   21.408939] GHES: HEST is not enabled!
[   21.409059] Serial: 8250/16550 driver, 32 ports, IRQ sharing enabled
[   21.434166] 00:02: ttyS0 at I/O 0x3f8 (irq = 4, base_baud = 115200) is a 16550A
[   21.441472] Linux agpgart interface v0.103
[   21.557669] loop: module loaded
[   21.558387] scsi host0: ata_piix
[   21.558469] scsi host1: ata_piix
[   21.558501] ata1: PATA max UDMA/33 cmd 0x1f0 ctl 0x3f6 bmdma 0xd000 irq 14
[   21.558502] ata2: PATA max UDMA/33 cmd 0x170 ctl 0x376 bmdma 0xd008 irq 15
[   21.558603] libphy: Fixed MDIO Bus: probed
[   21.558608] tun: Universal TUN/TAP device driver, 1.6
[   21.558608] tun: (C) 1999-2004 Max Krasnyansky <maxk@qualcomm.com>
[   21.558977] PPP generic driver version 2.4.2
[   21.559068] ehci_hcd: USB 2.0 'Enhanced' Host Controller (EHCI) Driver
[   21.559076] ehci-pci: EHCI PCI platform driver
[   21.559096] ehci-platform: EHCI generic platform driver
[   21.559106] ohci_hcd: USB 1.1 'Open' Host Controller (OHCI) Driver
[   21.559109] ohci-pci: OHCI PCI platform driver
[   21.559120] ohci-platform: OHCI generic platform driver
[   21.559128] uhci_hcd: USB Universal Host Controller Interface driver
[   21.559230] i8042: PNP: PS/2 Controller [PNP0303:PS2K,PNP0f03:PS2M] at 0x60,0x64 irq 1,12
[   21.625977] serio: i8042 KBD port at 0x60,0x64 irq 1
[   21.625984] serio: i8042 AUX port at 0x60,0x64 irq 12
[   21.626103] mousedev: PS/2 mouse device common for all mice
[   21.626431] rtc_cmos rtc_cmos: rtc core: registered rtc_cmos as rtc0
[   21.626481] rtc_cmos rtc_cmos: alarms up to one day, 114 bytes nvram
[   21.626516] i2c /dev entries driver
[   21.626583] device-mapper: uevent: version 1.0.3
[   21.626633] device-mapper: ioctl: 4.34.0-ioctl (2015-10-28) initialised: dm-devel@redhat.com
[   21.626649] ledtrig-cpu: registered to indicate activity on CPUs
[   21.626876] NET: Registered protocol family 10
[   21.626991] NET: Registered protocol family 17
[   21.626999] Key type dns_resolver registered
[   21.627181] registered taskstats version 1
[   21.627198] Loading compiled-in X.509 certificates
[   21.627677] Loaded X.509 cert 'Build time autogenerated kernel key: b3e0fe4bcd6378c38a2c0a4648abbc1fa5043a22'
[   21.627690] zswap: loaded using pool lzo/zbud
[   21.629218] Key type trusted registered
[   21.631425] Key type encrypted registered
[   21.631430] AppArmor: AppArmor sha1 policy hashing enabled
[   21.631433] ima: No TPM chip found, activating TPM-bypass!
[   21.631436] ima: Allocated hash algorithm: sha1
[   21.631448] evm: HMAC attrs: 0x1
[   21.631671]   Magic number: 14:842:591
[   21.708197] rtc_cmos rtc_cmos: setting system clock to 2018-08-28 16:34:48 UTC (1535474088)
[   21.708726] BIOS EDD facility v0.16 2004-Jun-25, 0 devices found
[   21.708726] EDD information not available.
[   22.155056] input: AT Translated Set 2 keyboard as /devices/platform/i8042/serio0/input/input2
[   26.311184] clocksource: tsc: mask: 0xffffffffffffffff max_cycles: 0x2f7424eef64, max_idle_ns: 440795317697 ns
[   26.456184] Freeing unused kernel memory: 1516K
[   26.479921] Write protecting the kernel read-only data: 14336k
[   26.520859] Freeing unused kernel memory: 1680K
[   26.522283] Freeing unused kernel memory: 96K
Loading, please [   26.688437] random: systemd-udevd: uninitialized urandom read (16 bytes read, 5 bits of entropy available)
wait...
startin[   26.688952] random: udevadm: uninitialized urandom read (16 bytes read, 5 bits of entropy available)
g version 229
[   26.688970] random: udevadm: uninitialized urandom read (16 bytes read, 5 bits of entropy available)
[   26.697769] random: udevadm: uninitialized urandom read (16 bytes read, 5 bits of entropy available)
[   26.697811] random: udevadm: uninitialized urandom read (16 bytes read, 5 bits of entropy available)
[   26.698027] random: udevadm: uninitialized urandom read (16 bytes read, 5 bits of entropy available)
[   26.698107] random: udevadm: uninitialized urandom read (16 bytes read, 5 bits of entropy available)
[   26.698209] random: udevadm: uninitialized urandom read (16 bytes read, 5 bits of entropy available)
[   26.698266] random: udevadm: uninitialized urandom read (16 bytes read, 5 bits of entropy available)
[   26.698401] random: udevadm: uninitialized urandom read (16 bytes read, 5 bits of entropy available)
[   28.550074] Fusion MPT base driver 3.04.20
[   28.574917] e1000: Intel(R) PRO/1000 Network Driver - version 7.3.21-k8-NAPI
[   28.574917] e1000: Copyright (c) 1999-2006 Intel Corporation.
[   28.725683] Copyright (c) 1999-2008 LSI Corporation
[   28.763623] Fusion MPT SPI Host driver 3.04.20
[   28.918250] AVX version of gcm_enc/dec engaged.
[   29.024180] AES CTR mode by8 optimization enabled
[   29.153281] input: ImExPS/2 Generic Explorer Mouse as /devices/platform/i8042/serio1/input/input4
[   29.247417] e1000 0000:00:03.0 eth0: (PCI:33MHz:32-bit) 02:c5:fa:e6:4f:6d
[   29.247422] e1000 0000:00:03.0 eth0: Intel(R) PRO/1000 Network Connection
[   29.247956] mptbase: ioc0: Initiating bringup
[   29.311849] ioc0: LSI53C1030 A0: Capabilities={Initiator}
[   29.818450] scsi host2: ioc0: LSI53C1030 A0, FwRev=00000000h, Ports=1, MaxQ=256, IRQ=20
[   29.976283] scsi 2:0:0:0: Direct-Access     VBOX     HARDDISK         1.0  PQ: 0 ANSI: 5
[   30.186722] scsi target2:0:0: Beginning Domain Validation
[   30.264329] scsi target2:0:0: Domain Validation skipping write tests
[   30.313751] scsi target2:0:0: Ending Domain Validation
[   30.407193] scsi target2:0:0: asynchronous
[   30.525699] scsi 2:0:1:0: Direct-Access     VBOX     HARDDISK         1.0  PQ: 0 ANSI: 5
[   30.627219] e1000 0000:00:08.0 eth1: (PCI:33MHz:32-bit) 08:00:27:2b:fb:65
[   30.627224] e1000 0000:00:08.0 eth1: Intel(R) PRO/1000 Network Connection
[   30.818862] scsi target2:0:1: Beginning Domain Validation
[   30.819403] e1000 0000:00:03.0 enp0s3: renamed from eth0
[   30.894937] scsi target2:0:1: Domain Validation skipping write tests
[   30.900108] e1000 0000:00:08.0 enp0s8: renamed from eth1
[   31.076650] scsi target2:0:1: Ending Domain Validation
[   31.304984] scsi target2:0:1: asynchronous
[   31.420297] sd 2:0:0:0: Attached scsi generic sg0 type 0
[   31.566099] sd 2:0:0:0: [sda] 20971520 512-byte logical blocks: (10.7 GB/10.0 GiB)
[   31.769949] sd 2:0:1:0: [sdb] 20480 512-byte logical blocks: (10.5 MB/10.0 MiB)
[   31.770095] sd 2:0:1:0: Attached scsi generic sg1 type 0
[   31.770319] sd 2:0:0:0: [sda] Write Protect is off
[   31.770483] sd 2:0:0:0: [sda] Incomplete mode parameter data
[   31.770484] sd 2:0:0:0: [sda] Assuming drive cache: write through
[   31.973129]  sda: sda1
[   31.974236] sd 2:0:0:0: [sda] Attached SCSI disk
[   32.082463] sd 2:0:1:0: [sdb] Write Protect is off
[   32.111247] sd 2:0:1:0: [sdb] Incomplete mode parameter data
[   32.140486] sd 2:0:1:0: [sdb] Assuming drive cache: write through
[   32.222204] sd 2:0:1:0: [sdb] Attached SCSI disk
Begin: Loading e[   33.604582] md: linear personality registered for level -1
ssential drivers[   33.798204] md: multipath personality registered for level -4
 ... [   33.932506] md: raid0 personality registered for level 0
[   34.071138] md: raid1 personality registered for level 1
[   34.240162] raid6: sse2x1   gen() 11481 MB/s
[   34.412225] raid6: sse2x1   xor()  8899 MB/s
[   34.579718] raid6: sse2x2   gen() 14586 MB/s
[   34.755713] raid6: sse2x2   xor()  9608 MB/s
[   34.935713] raid6: sse2x4   gen() 16621 MB/s
[   35.096028] raid6: sse2x4   xor() 11486 MB/s
[   35.219828] raid6: using algorithm sse2x4 gen() 16621 MB/s
[   35.272244] raid6: .... xor() 11486 MB/s, rmw enabled
[   35.373602] raid6: using ssse3x2 recovery algorithm
[   35.482231] xor: automatically using best checksumming function:
[   35.723775]    avx       : 27791.000 MB/sec
[   35.847587] async_tx: api initialized (async)
[   35.975688] md: raid6 personality registered for level 6
[   36.106425] md: raid5 personality registered for level 5
[   36.263594] md: raid4 personality registered for level 4
[   36.340562] md: raid10 personality registered for level 10
done.
Begin: Running /scripts/init-premount ... done.
Begin: Mounti[   36.382283] Btrfs loaded
ng root file system ... Begin: Running /scripts/local-top ... done.
Begin: Running /scripts/local-premount ... Scanning for Btrfs filesystems
done.
Warning: fsck not present, so skipping root file[   36.489679] EXT4-fs (sda1): mounted filesystem with ordered data mode. Opts: (null)
 system
done.
Begin: Running /scripts/local-bottom ... done.
Begin: Running /scripts/init-bottom ... done.
[   36.760160] systemd[1]: systemd 229 running in system mode. (+PAM +AUDIT +SELINUX++IMA +APPARMOR +SMACK +SYSVINIT +UTMP +LIBCRYPTSETUP +GCRYPT +GNUTLS +ACL +XZ -LZ4 +SECCOMP +BLKID +ELFUTILS +KMOD -IDN)
[   37.299221] systemd[1]: Detected virtualization oracle.
[   37.414116] systemd[1]: Detected architecture x86-64.

Welcome to [1mUbuntu 16.04.4 LTS[0m!

[   37.480440] systemd[1]: Set hostname to <ubuntu>.
[   37.617646] systemd[1]: Initializing machine ID from random generator.
[   37.795804] systemd[1]: Installed transient /etc/machine-id file.
[   38.030607] random: nonblocking pool is initialized
[   38.189124] systemd[1]: Listening on udev Control Socket.
[[0;32m  OK  [0m] Listening on udev Control Socket.
[   38.392046] systemd[1]: Reached target Swap.
[[0;32m  OK  [0m] Reached target Swap.
[   38.516357] systemd[1]: Created slice User and Session Slice.
[[0;32m  OK  [0m] Created slice User and Session Slice.
[   38.596252] systemd[1]: Listening on Journal Audit Socket.
[[0;32m  OK  [0m] Listening on Journal Audit Socket.
[   38.796154] systemd[1]: Started Trigger resolvconf update for networkd DNS.
[[0;32m  OK  [0m] Started Trigger resolvconf update for networkd DNS.
[   38.991998] systemd[1]: Reached target Encrypted Volumes.
[[0;32m  OK  [0m] Reached target Encrypted Volumes.
[   39.180153] systemd[1]: Reached target System Time Synchronized.
[[0;32m  OK  [0m] Reached target System Time Synchronized.
[   39.336112] systemd[1]: Started Forward Password Requests to Wall Directory Watch.
[[0;32m  OK  [0m] Started Forward Password Requests to Wall Directory Watch.
[   39.591956] systemd[1]: Listening on LVM2 poll daemon socket.
[[0;32m  OK  [0m] Listening on LVM2 poll daemon socket.
[   39.656286] systemd[1]: Reached target User and Group Name Lookups.
[[0;32m  OK  [0m] Reached target User and Group Name Lookups.
[   39.811108] systemd[1]: Listening on udev Kernel Socket.
[[0;32m  OK  [0m] Listening on udev Kernel Socket.
[   39.975983] systemd[1]: Listening on /dev/initctl Compatibility Named Pipe.
[[0;32m  OK  [0m] Listening on /dev/initctl Compatibility Named Pipe.
[   40.236119] systemd[1]: Set up automount Arbitrary Executable File Formats File System Automount Point.
[[0;32m  OK  [0m] Set up automount Arbitrary Executab...ats File System Automount Point.
[   40.564072] systemd[1]: Listening on LVM2 metadata daemon socket.
[[0;32m  OK  [0m] Listening on LVM2 metadata daemon socket.
[   40.680035] systemd[1]: Listening on Journal Socket.
[[0;32m  OK  [0m] Listening on Journal Socket.
[   40.772386] systemd[1]: Listening on Syslog Socket.
[[0;32m  OK  [0m] Listening on Syslog Socket.
[   40.905708] systemd[1]: Listening on Journal Socket (/dev/log).
[[0;32m  OK  [0m] Listening on Journal Socket (/dev/log).
[   41.136524] systemd[1]: Created slice System Slice.
[[0;32m  OK  [0m] Created slice System Slice.
[   41.299933] systemd[1]: Mounting Debug File System...
         Mounting Debug File System...
[   41.492151] systemd[1]: Starting Create list of required static device nodes for the current kernel...
         Starting Create list of required st... nodes for the current kernel...
[   41.768188] systemd[1]: Starting Nameserver information manager...
         Starting Nameserver information manager...
[   41.991996] systemd[1]: Starting Load Kernel Modules...
[   42.008656] Loading iSCSI transport class v2.0-870.
         Startin[   42.117106] iscsi: registered transport (tcp)
g Load Kernel Modules...
[   42.225584] iscsi: registered transport (iser)
[   42.338726] systemd[1]: Reached target Slices.
[[0;32m  OK  [0m] Reached target Slices.
[   42.487906] systemd[1]: Mounting POSIX Message Queue File System...
         Mounting POSIX Message Queue File System...
[   42.604464] systemd[1]: Starting Journal Service...
         Starting Journal Service...
[   42.709959] systemd[1]: Starting Remount Root and Kernel File Systems...
[   42.713117] EXT4-fs (sda1): re-mounted. Opts: (null)
         Starting Remount Root and Kernel File Systems...
[   42.871946] systemd[1]: Starting Uncomplicated firewall...
         Starting Uncomplicated firewall...
[   43.011889] systemd[1]: Mounting Huge Pages File System...
         Mounting Huge Pages File System...
[   43.096171] systemd[1]: Starting Set console keymap...
         Starting Set console keymap...
[   43.132372] systemd[1]: Created slice system-serial\x2dgetty.slice.
[[0;32m  OK  [0m] Created slice system-serial\x2dgetty.slice.
[   43.231548] systemd[1]: Listening on Device-mapper event daemon FIFOs.
[[0;32m  OK  [0m] Listening on Device-mapper event daemon FIFOs.
[   43.540386] systemd[1]: Starting Monitoring of LVM2 mirrors, snapshots etc. using dmeventd or progress polling...
         Starting Monitoring of LVM2 mirrors... dmeventd or progress polling...
[   43.692753] systemd[1]: Mounted POSIX Message Queue File System.
[[0;32m  OK  [0m] Mounted POSIX Message Queue File System.
[   43.907986] systemd[1]: Mounted Huge Pages File System.
[[0;32m  OK  [0m] Mounted Huge Pages File System.
[   43.988249] systemd[1]: Mounted Debug File System.
[[0;32m  OK  [0m] Mounted Debug File System.
[   44.148148] systemd[1]: Started Journal Service.
[[0;32m  OK  [0m] Started Journal Service.
[[0;32m  OK  [0m] Started Create list of required sta...ce nodes for the current kernel.
[[0;32m  OK  [0m] Started Load Kernel Modules.
[[0;32m  OK  [0m] Started Remount Root and Kernel File Systems.
[[0;32m  OK  [0m] Started Uncomplicated firewall.
[[0;32m  OK  [0m] Started Set console keymap.
[[0;32m  OK  [0m] Started Nameserver information manager.
[[0;32m  OK  [0m] Started LVM2 metadata daemon.
         Starting Load/Save Random Seed...
         Starting udev Coldplug all Devices...
         Starting Apply Kernel Variables...
         Mounting FUSE Control File System...
         Starting Create Static Device Nodes in /dev...
         Starting Flush Journal to Persistent Storage...
[[0;32m  OK  [0m] Mounted FUSE Control File System.
[[0;32m  OK  [0m] Started Monitoring of LVM2 mirrors,...ng dmeventd or progress polling.
[[0;32m  OK  [0m] Started Load/Save Random Seed.
[[0;32m  OK  [0m] Started Apply Kernel Variables.
[[0;32m  OK  [0m] Started Create Static Device Nodes in /dev.
[[0;32m  OK  [0m] Started udev Coldplug all Devices.
[[0;32m  OK  [0m] Started Flush Journal to Persistent Storage.
         Starting udev Kernel Device Manager...
[[0;32m  OK  [0m] Started udev Kernel Device Manager.
[[0;32m  OK  [0m] Reached target Local File Systems (Pre).
[[0;32m  OK  [0m] Reached target Local File Systems.
         Starting Commit a transient machine-id on disk...
         Starting Initial cloud-init job (pre-networking)...
         Starting Set console font and keymap...
         Starting LSB: AppArmor initialization...
         Starting Tell Plymouth To Write Out Runtime Data...
         Starting Create Volatile Files and Directories...
[[0;32m  OK  [0m] Started Dispatch Password Requests to Console Directory Watch.
[[0;32m  OK  [0m] Started Commit a transient machine-id on disk.
[[0;32m  OK  [0m] Started Tell Plymouth To Write Out Runtime Data.
[   30.003701] cloud-init[494]: Cloud-init v. 18.2 running 'init-local' at Tue, 28 Aug 2018 16:35:12 +0000. Up 29.73 seconds.
[[0;32m  OK  [0m] Started Create Volatile Files and Directories.
[[0;32m  OK  [0m] Started Set console font and keymap.
[[0;32m  OK  [0m] Started Initial cloud-init job (pre-networking).
[[0;32m  OK  [0m] Found device /dev/ttyS0.
[[0;32m  OK  [0m] Listening on Load/Save RF Kill Switch Status /dev/rfkill Watch.
[[0;32m  OK  [0m] Reached target Network (Pre).
[[0;32m  OK  [0m] Created slice system-getty.slice.
         Starting Update UTMP about System Boot/Shutdown...
[[0;32m  OK  [0m] Started LSB: AppArmor initialization.
[[0;32m  OK  [0m] Started Update UTMP about System Boot/Shutdown.
         Starting Raise network interfaces...
[[0;32m  OK  [0m] Started Raise network interfaces.
[[0;32m  OK  [0m] Reached target Network.
         Starting Initial cloud-init job (metadata service crawler)...
[   31.846815] cloud-init[965]: Cloud-init v. 18.2 running 'init' at Tue, 28 Aug 2018 16:35:14 +0000. Up 31.35 seconds.
[   31.960422] cloud-init[965]: ci-info: ++++++++++++++++++++++++++++++++++++++Net device info++++++++++++++++++++++++++++++++++++++
[[   31.960617] [0;32m  OK  [0mcloud-init] [965]: Started Initial cloud-init job (metadata service crawler).ci-info: +--------+-------+----------------------------+---------------+-------+-------------------+

[   31.960740] cloud-init[965]: ci-info: | Device |   Up  |          Address           |      Mask     | Scope |     Hw-Address    |
[   32.277001] cloud-init[965]: ci-info: +--------+-------+----------------------------+---------------+-------+-------------------+
[   32.277295] cloud-init[965]: ci-info: | enp0s3 |  True |         10.0.2.15          | 255.255.255.0 |   .   | 02:c5:fa:e6:4f:6d |
[[0;32m  OK  [0m] Reached target Network is Online.
[   32.277393] cloud-init[965]: ci-info: | enp0s3 |  True | fe80::c5:faff:fee6:4f6d/64 |       .       |  link | 02:c5:fa:e6:4f:6d |
[   32.632318] cloud-init[965]: ci-info: | enp0s8 | False |             .              |       .       |   .   | 08:00:27:2b:fb:65 |
[   32.632559] cloud-init[965]: ci-info: |   lo   |  True |         127.0.0.1          |   255.0.0.0   |   .   |         .         |
         Starting iSCSI initiator daemon (iscsid)...
[[   32.632712] cloud-init[965]: ci-info: |   lo   |  True |          ::1/128           |       .       |  host |         .         |
[   32.888842] cloud-init[965]: ci-info: +--------+-------+----------------------------+---------------+-------+-------------------+
[0;32m  OK  [0m] Reached target Cloud-config availability.
[[   32.888913] cloud-init[965]: ci-info: +++++++++++++++++++++++++++Route IPv4 info++++++++++++++++++++++++++++
[   33.136786] cloud-init[965]: ci-info: +-------+-------------+----------+---------------+-----------+-------+
[0;32m  OK  [0m] Reached target System Initialization.
[[   33.136861] cloud-init[965]: ci-info: | Route | Destination | Gateway  |    Genmask    | Interface | Flags |
[   33.312764] cloud-init[965]: ci-info: +-------+-------------+----------+---------------+-----------+-------+
[0;32m  OK  [0m] Listening on UUID daemon activation socket.
[   33.312853] cloud-init[965]: ci-info: |   0   |   0.0.0.0   | 10.0.2.2 |    0.0.0.0    |   enp0s3  |   UG  |
[   33.554056] cloud-init[965]: ci-info: |   1   |   10.0.2.0  | 0.0.0.0  | 255.255.255.0 |   enp0s3  |   U   |
[   33.554342] cloud-init[965]: ci-info: +-------+-------------+----------+---------------+-----------+-------+
[[0;32m  OK  [0m] Started Daily apt download activities.
[   33.554746] cloud-init[965]: Generating public/private rsa key pair.
[   33.760322] cloud-init[965]: Your identification has been saved in /etc/ssh/ssh_host_rsa_key.
[   33.760591] cloud-init[965]: Your public key has been saved in /etc/ssh/ssh_host_rsa_key.pub.
         Starting Socket activation for snappy daemon.
[   33.760813] cloud-init[965]: The key fingerprint is:
[   33.908325] cloud-init[965]: SHA256:RInxuq8CMgRQ39HcBq1hngGDuhvFFZK/p3QL3PtbBJs root@ubuntu-xenial
[   33.908500] cloud-init[965]: The key's randomart image is:
         Starting LXD - unix socket.
[[   33.908614] cloud-init[965]: +---[RSA 2048]----+
[   33.959149] cloud-init[965]: |o.. .o*Bo=       |
[   33.959324] cloud-init[965]: |.  .ooo=B +      |
[   33.959533] cloud-init[965]: |.  o.o.oo*.      |
[   33.959641] cloud-init[965]: | .. o .o+  +     |
[   33.959748] cloud-init[965]: |.  o ..oS E .    |
[0;32m  OK  [0m] Listening on D-Bus System Message Bus Socket.
[   33.959861] cloud-init[965]: |o +   =.+  .     |
[   34.100651] cloud-init[965]: | o + ..= o  .    |
[[0;32m  OK  [0m] Started Daily apt upgrade and clean activities.
[   34.100722] cloud-init[965]: |  . . ..o  .     |
[   34.232738] cloud-init[965]: |     .....o.     |
[   34.232962] cloud-init[965]: +----[SHA256]-----+
[[0;32m  OK  [0m] Started ACPI Events Check.
[[   34.233291] cloud-init[965]: Generating public/private dsa key pair.
[   34.297155] cloud-init[965]: Your identification has been saved in /etc/ssh/ssh_host_dsa_key.
[0;32m  OK  [0m] Reached target Paths.
[[   34.297222] cloud-init[965]: Your public key has been saved in /etc/ssh/ssh_host_dsa_key.pub.
[   34.367429] cloud-init[965]: The key fingerprint is:
[   34.367613] cloud-init[965]: SHA256:2uu9oIKuos7iMgOIMaLxeIK7MA2DbU8pf4t9e93UGxg root@ubuntu-xenial
[0;32m  OK  [0m] Listening on ACPID Listen Socket.
[[   34.367707] cloud-init[965]: The key's randomart image is:
[   34.445034] cloud-init[965]: +---[DSA 1024]----+
[   34.445210] cloud-init[965]: |                 |
[   34.445426] cloud-init[965]: |                 |
[   34.445617] cloud-init[965]: |                 |
[   34.445824] cloud-init[965]: |*.   .       E   |
[   34.446035] cloud-init[965]: |X*+ o   S     o. |
[   34.446168] cloud-init[965]: |O=o=   o     ....|
[0;32m  OK  [0m] Started Daily Cleanup of Temporary Directories.
[[   34.446313] cloud-init[965]: |++..o o o  . o  o|
[   34.629300] cloud-init[965]: |X.. .+ o.+. . .. |
[   34.629467] cloud-init[965]: |@X. ..+o+oo.     |
[0;32m  OK  [0m] Reached target Timers.
[   34.629575] cloud-init[965]: +----[SHA256]-----+
[   34.744725] cloud-init[965]: Generating public/private ecdsa key pair.
[[0;32m  OK  [0m] Listening on Socket activation for snappy daemon.
[   34.745048] cloud-init[965]: Your identification has been saved in /etc/ssh/ssh_host_ecdsa_key.
[   34.812382] cloud-init[965]: Your public key has been saved in /etc/ssh/ssh_host_ecdsa_key.pub.
[   34.812584] cloud-init[965]: The key fingerprint is:
[[0;32m  OK  [0m] Listening on LXD - unix socket.
[   34.812707] cloud-init[965]: SHA256:fiaKEKKE7u+8y7joQ8PPL89HnO7BgE9KLZhfXb3Fbzw root@ubuntu-xenial
[   34.968508] cloud-init[965]: The key's randomart image is:
[   34.968819] cloud-init[965]: +---[ECDSA 256]---+
[[0;32m  OK  [0m] Started iSCSI initiator daemon (iscsid).
[   34.969017] cloud-init[965]: |                 |
         [   35.100437] Starting Login to default iSCSI targets...cloud-init[965]: |          . .    |

[   35.100852] cloud-init[965]: |         . . o   |
[[0;32m  OK  [0m[   35.128615] cloud-init[965]: |. o o . .   o o  |
[   35.128841] cloud-init[965]: |++.+ =..S  .   E |
[   35.129049] cloud-init[965]: |+=o.* o=      . .|
[   35.129158] cloud-init[965]: |o.=o .ooo o      |
[   35.129263] cloud-init[965]: |o.+=.. +.+       |
[   35.129375] cloud-init[965]: |o==BB++.         |
[   35.129475] cloud-init[965]: +----[SHA256]-----+
[   35.129580] cloud-init[965]: Generating public/private ed25519 key pair.
[   35.129686] cloud-init[965]: Your identification has been saved in /etc/ssh/ssh_host_ed25519_key.
[   35.129793] cloud-init[965]: Your public key has been saved in /etc/ssh/ssh_host_ed25519_key.pub.
[   35.129906] cloud-init[965]: The key fingerprint is:
] Reached target Sockets.
[[   35.130042] cloud-init[965]: SHA256:JOzE8fDKb+OvQhHAphH62WADiervmZWllmyRN6M5fow root@ubuntu-xenial
[   35.372970] cloud-init[965]: The key's randomart image is:
[0;32m  OK  [0m] Reached target Basic System.
[   35.373050] cloud-init[965]: +--[ED25519 256]--+
[   35.508271] cloud-init[965]: |o..o..o          |
[   35.508536] cloud-init[965]: |oo. oo.=         |
         Starting Virtualbox guest utils...
[   35.508645] cloud-init[965]: |o ++  =.+        |
[   35.521099] cloud-init[965]: |.o.= +o+         |
[   35.522287] cloud-init[965]: |. o .o+*S        |
[   35.523100] cloud-init[965]: | .  . @.o        |
[   35.536813] cloud-init[965]: |  .  &o +        |
[   35.537098] cloud-init[965]: |   .BEo= .       |
[[0;32m  OK  [0m] Started Deferred execution scheduler.
[   35.537458] cloud-init[965]: |  .+ ...oo.      |
[   35.624297] cloud-init[965]: +----[SHA256]-----+
         Starting Pollinate to seed the pseudo random number generator...
         Starting /etc/rc.local Compatibility...
[[0;32m  OK  [0m] Started D-Bus System Message Bus.
[[0;32m  OK  [0m] Started ACPI event daemon.
         Starting Apply the settings specified in cloud-config...
         Starting Accounts Service...
         Starting LSB: MD monitoring daemon...
         Starting Login Service...
[[0;32m  OK  [0m] Started Regular background program processing daemon.
         Starting System Logging Service...
[[0;32m  OK  [0m] Started Unattended Upgrades Shutdown.
         Starting Snappy daemon...
         Starting LSB: Record successful boot for GRUB...
         Starting LXD - container startup/shutdown...
[[0;32m  OK  [0m] Started FUSE filesystem for LXC.
[[0;32m  OK  [0m] Started System Logging Service.
[[0;32m  OK  [0m] Started Snappy daemon.
[[0;32m  OK  [0m] Started Pollinate to seed the pseudo random number generator.
[[0;32m  OK  [0m] Started /etc/rc.local Compatibility.
[   36.484120] cloud-init[1110]: Generating locales (this might take a while)...
[[0;32m  OK  [0m] Started LXD - container startup/shutdown.
[[0;32m  OK  [0m] Started Login to default iSCSI targets.
[[0;32m  OK  [0m] Started Virtualbox guest utils.
[[0;32m  OK  [0m] Started LSB: MD monitoring daemon.
[[0;32m  OK  [0m] Started LSB: Record successful boot for GRUB.
         Starting Authenticate and Authorize Users to Run Privileged Tasks...
[[0;32m  OK  [0m] Reached target Remote File Systems (Pre).
[[0;32m  OK  [0m] Reached target Remote File Systems.
         Starting LSB: daemon to balance interrupts for SMP systems...
         Starting LSB: Set the CPU Frequency Scaling governor to "ondemand"...
         Starting Permit User Sessions...
         Starting LSB: automatic crash report generation...
         Starting OpenBSD Secure Shell server...
         Starting Wait until snapd is fully seeded...
[[0;32m  OK  [0m] Started OpenBSD Secure Shell server.
[[0;32m  OK  [0m] Started Permit User Sessions.
[[0;32m  OK  [0m] Started Wait until snapd is fully seeded.
[   37.835458] cloud-init[1110]:   en_US.UTF-8... done
[[0;32m  OK  [0m] Started Login Service.
[   37.853964] cloud-init[1110]: Generation complete.
[[0;32m  OK  [0m] Started Authenticate and Authorize Users to Run Privileged Tasks.
[[0;32m  OK  [0m] Started Accounts Service.
[[0;32m  OK  [0m] Started LSB: Set the CPU Frequency Scaling governor to "ondemand".
[[0;32m  OK  [0m] Started LSB: daemon to balance interrupts for SMP systems.
[[0;32m  OK  [0m] Created slice User Slice of vagrant.
         Starting User Manager for UID 1000...
[   38.109019] cloud-init[1110]: Cloud-init v. 18.2 running 'modules:config' at Tue, 28 Aug 2018 16:35:19 +0000. Up 36.14 seconds.
[[0;32m  OK  [0m] Started Session 1 of user vagrant.
         Starting Hold until boot process finishes up...
         Starting Terminate Plymouth Boot Screen...
[[0;32m  OK  [0m] Started User Manager for UID 1000.
[[0;32m  OK  [0m] Started Apply the settings specified in cloud-config.
[[0;32m  OK  [0m] Started LSB: automatic crash report generation.
[[0;32m  OK  [0m] Started Hold until boot process finishes up.
[[0;32m  OK  [0m] Started Terminate Plymouth Boot Screen.
         Starting Set console scheme...
[[0;32m  OK  [0m] Started Getty on tty1.
[[0;32m  OK  [0m] Started Serial Getty on ttyS0.
[[0;32m  OK  [0m] Reached target Login Prompts.
[[0;32m  OK  [0m] Reached target Multi-User System.
[[0;32m  OK  [0m] Reached target Graphical Interface.
         Starting Update UTMP about System Runlevel Changes...
         Starting Execute cloud user/final scripts...
[[0;32m  OK  [0m] Started Set console scheme.
[[0;32m  OK  [0m] Started Update UTMP about System Runlevel Changes.
ci-info: no authorized ssh keys fingerprints found for user ubuntu.
<14>Aug 28 16:35:22 ec2: 
<14>Aug 28 16:35:22 ec2: #############################################################
<14>Aug 28 16:35:22 ec2: -----BEGIN SSH HOST KEY FINGERPRINTS-----
<14>Aug 28 16:35:22 ec2: 1024 SHA256:2uu9oIKuos7iMgOIMaLxeIK7MA2DbU8pf4t9e93UGxg root@ubuntu-xenial (DSA)
<14>Aug 28 16:35:22 ec2: 256 SHA256:fiaKEKKE7u+8y7joQ8PPL89HnO7BgE9KLZhfXb3Fbzw root@ubuntu-xenial (ECDSA)
<14>Aug 28 16:35:22 ec2: 256 SHA256:JOzE8fDKb+OvQhHAphH62WADiervmZWllmyRN6M5fow root@ubuntu-xenial (ED25519)
<14>Aug 28 16:35:22 ec2: 2048 SHA256:RInxuq8CMgRQ39HcBq1hngGDuhvFFZK/p3QL3PtbBJs root@ubuntu-xenial (RSA)
<14>Aug 28 16:35:22 ec2: -----END SSH HOST KEY FINGERPRINTS-----
<14>Aug 28 16:35:22 ec2: #############################################################
-----BEGIN SSH HOST KEY KEYS-----
ecdsa-sha2-nistp256 AAAAE2VjZHNhLXNoYTItbmlzdHAyNTYAAAAIbmlzdHAyNTYAAABBBBv0sHZS8UTZ1WPzFLaRVGQNZnncLNyo1JS/9WTM9IUgZ6zscHqnPpH56WbIAkee2npe/WVsaSUB0CN3lW+fWy8= root@ubuntu-xenial
ssh-ed25519 AAAAC3NzaC1lZDI1NTE5AAAAIBxx/TNRZwaHAr4KnxegeqXSJUIkjua+TcePXN0NZJWu root@ubuntu-xenial
ssh-rsa AAAAB3NzaC1yc2EAAAADAQABAAABAQCttmo5FgFUKM2mjjbp12qFO3Qsybo9QGFwtn7ADdLWog/nmS33PbP1fs4rKLrX27ek+PX7IZR2u8PzaBdEauVU3MFkU5wc1m+nJOypnlgTYPsYrHNTbSYvYZ/SGNm/7q67KVGoMc4ydz2CFKJEUDZeDYKxG8xCabR74RifRKA2AcRIkKx1egjsukHo36QO5v89Cb9CW5tpW0vsfGt17JPvfB70BYhDGdZYYfoBNImY2U14yRAyD2GmFN8UC+HkcyA6fLYCeENsupdB5mFyGWFdIZkGYkUccDfQe03hj0539GJy+SWliIVlNEhXRF+YE6RjGuNEramAcEuyP/tfHkir root@ubuntu-xenial
-----END SSH HOST KEY KEYS-----
         Stopping User Manager for UID 1000...
[[0;32m  OK  [0m] Stopped User Manager for UID 1000.
[   40.344972] cloud-init[1331]: Cloud-init v. 18.2 running 'modules:final' at Tue, 28 Aug 2018 16:35:22 +0000. Up 39.31 seconds.
[   40.427291] [[0;32m  OK  [0m] Started Execute cloud user/final scripts.
cloud-init[1331]: ci-info: no authorized ssh keys fingerprints found for user ubuntu.
[   40.429691] cloud-init[1331]: Cloud-init v. 18.2 finished at Tue, 28 Aug 2018 16:35:23 +0000. Datasource DataSourceNoCloud [seed=/dev/sdb][dsmode=net].  Up 40.33 seconds
[[0;32m  OK  [0m] Removed slice User Slice of vagrant.
[[0;32m  OK  [0m] Reached target Cloud-init target.

Ubuntu 16.04.4 LTS ubuntu-xenial ttyS0

ubuntu-xenial login: 